Daftar tugas / cabang
  1. Tugas-git
  2. Tugas-html
  3. Tugas-css
  4. Tugas-js
  5. Tugas-tengah Proyek
  6. Tugas-php
  7. Tugas-Tugas Akhir

Daftar perintah GiT

USER@LAPTOP-CF01S213 MINGW64 ~
$ cd/d
bash: cd/d: No such file or directory

USER@LAPTOP-CF01S213 MINGW64 ~
$ cd /d
bash: cd: /d: No such file or directory

USER@LAPTOP-CF01S213 MINGW64 ~
$ cd /c

USER@LAPTOP-CF01S213 MINGW64 /c
$ cd USER
bash: cd: USER: No such file or directory

USER@LAPTOP-CF01S213 MINGW64 /c
$ cd Users

USER@LAPTOP-CF01S213 MINGW64 /c/Users
$ git clone https://github.com/yosefinalenzun/belajarGIT.git
Cloning into 'belajarGIT'...
remote: Enumerating objects: 3, done.
remote: Counting objects: 100% (3/3), done.
remote: Compressing objects: 100% (2/2), done.
remote: Total 3 (delta 0), reused 0 (delta 0), pack-reused 0
Receiving objects: 100% (3/3), done.

USER@LAPTOP-CF01S213 MINGW64 /c/Users
$ cd belajargit

USER@LAPTOP-CF01S213 MINGW64 /c/Users/belajargit (main)
$ touch Tugas-git.txt

USER@LAPTOP-CF01S213 MINGW64 /c/Users/belajargit (main)
$ add
bash: add: command not found

USER@LAPTOP-CF01S213 MINGW64 /c/Users/belajargit (main)
$ add .
bash: add: command not found

USER@LAPTOP-CF01S213 MINGW64 /c/Users/belajargit (main)
$ add.
bash: add.: command not found

USER@LAPTOP-CF01S213 MINGW64 /c/Users/belajargit (main)
$ add .
bash: add: command not found

USER@LAPTOP-CF01S213 MINGW64 /c/Users/belajargit (main)
$ git add .

USER@LAPTOP-CF01S213 MINGW64 /c/Users/belajargit (main)
$ git commit -m "menambah file tugas-git.txt"
[main 4bf967f] menambah file tugas-git.txt
 1 file changed, 0 insertions(+), 0 deletions(-)
 create mode 100644 Tugas-git.txt

USER@LAPTOP-CF01S213 MINGW64 /c/Users/belajargit (main)
$ git checkout main
Already on 'main'
Your branch is ahead of 'origin/main' by 1 commit.
  (use "git push" to publish your local commits)

USER@LAPTOP-CF01S213 MINGW64 /c/Users/belajargit (main)
$ git merge Tugas-git
merge: Tugas-git - not something we can merge

USER@LAPTOP-CF01S213 MINGW64 /c/Users/belajargit (main)
$ git config --global user.email [vinalenzun@gmail.com]

USER@LAPTOP-CF01S213 MINGW64 /c/Users/belajargit (main)
$ git config --global user.name [yosefinalenzun]                                
USER@LAPTOP-CF01S213 MINGW64 /c/Users/belajargit (main)
$ git commit -m "menambah file tugas-git.txt"
On branch main
Your branch is ahead of 'origin/main' by 1 commit.
  (use "git push" to publish your local commits)

nothing to commit, working tree clean

USER@LAPTOP-CF01S213 MINGW64 /c/Users/belajargit (main)
$ git checkout main
Already on 'main'
Your branch is ahead of 'origin/main' by 1 commit.
  (use "git push" to publish your local commits)

USER@LAPTOP-CF01S213 MINGW64 /c/Users/belajargit (main)
$ git push origin main
fatal: unable to access 'https://github.com/yosefinalenzun/belajarGIT.git/': Could not resolve host: github.com

USER@LAPTOP-CF01S213 MINGW64 /c/Users/belajargit (main)
$ git push origin main
info: please complete authentication in your browser...
Enumerating objects: 4, done.
Counting objects: 100% (4/4), done.
Delta compression using up to 8 threads
Compressing objects: 100% (2/2), done.
Writing objects: 100% (3/3), 307 bytes | 307.00 KiB/s, done.
Total 3 (delta 0), reused 0 (delta 0), pack-reused 0 (from 0)
To https://github.com/yosefinalenzun/belajarGIT.git
   d4d603e..4bf967f  main -> main

USER@LAPTOP-CF01S213 MINGW64 /c/Users/belajargit (main)
$ Git branch Tugas-html

USER@LAPTOP-CF01S213 MINGW64 /c/Users/belajargit (main)
$ touch Tugas-html.txt

USER@LAPTOP-CF01S213 MINGW64 /c/Users/belajargit (main)
$ git add .

USER@LAPTOP-CF01S213 MINGW64 /c/Users/belajargit (main)
$ git commit -m "menambah file tugas-html.txt"
[main 2ff5b0e] menambah file tugas-html.txt
 1 file changed, 0 insertions(+), 0 deletions(-)
 create mode 100644 Tugas-html.txt

USER@LAPTOP-CF01S213 MINGW64 /c/Users/belajargit (main)
$ git checkout main
Already on 'main'
Your branch is ahead of 'origin/main' by 1 commit.
  (use "git push" to publish your local commits)

USER@LAPTOP-CF01S213 MINGW64 /c/Users/belajargit (main)
$ git merge Tugas-htmlm
merge: Tugas-htmlm - not something we can merge

USER@LAPTOP-CF01S213 MINGW64 /c/Users/belajargit (main)
$ git merge Tugas-html
Already up to date.

USER@LAPTOP-CF01S213 MINGW64 /c/Users/belajargit (main)
$ git push origin main
Enumerating objects: 3, done.
Counting objects: 100% (3/3), done.
Delta compression using up to 8 threads
Compressing objects: 100% (2/2), done.
Writing objects: 100% (2/2), 298 bytes | 298.00 KiB/s, done.
Total 2 (delta 0), reused 0 (delta 0), pack-reused 0 (from 0)
To https://github.com/yosefinalenzun/belajarGIT.git
   4bf967f..2ff5b0e  main -> main

USER@LAPTOP-CF01S213 MINGW64 /c/Users/belajargit (main)
$ Git branch Tugas-css

USER@LAPTOP-CF01S213 MINGW64 /c/Users/belajargit (main)
$ touch Tugas-css.txt

USER@LAPTOP-CF01S213 MINGW64 /c/Users/belajargit (main)
$ git add .

USER@LAPTOP-CF01S213 MINGW64 /c/Users/belajargit (main)
$ git commit -m "menambah file tugas-css.txt"
[main ed0fedc] menambah file tugas-css.txt
 1 file changed, 0 insertions(+), 0 deletions(-)
 create mode 100644 Tugas-css.txt

USER@LAPTOP-CF01S213 MINGW64 /c/Users/belajargit (main)
$ git checkout main
Already on 'main'
Your branch is ahead of 'origin/main' by 1 commit.
  (use "git push" to publish your local commits)

USER@LAPTOP-CF01S213 MINGW64 /c/Users/belajargit (main)
$ git merge Tugas-css
Already up to date.

USER@LAPTOP-CF01S213 MINGW64 /c/Users/belajargit (main)
$ git push origin main
Enumerating objects: 3, done.
Counting objects: 100% (3/3), done.
Delta compression using up to 8 threads
Compressing objects: 100% (2/2), done.
Writing objects: 100% (2/2), 249 bytes | 249.00 KiB/s, done.
Total 2 (delta 1), reused 0 (delta 0), pack-reused 0 (from 0)
remote: Resolving deltas: 100% (1/1), completed with 1 local object.
To https://github.com/yosefinalenzun/belajarGIT.git
   2ff5b0e..ed0fedc  main -> main

USER@LAPTOP-CF01S213 MINGW64 /c/Users/belajargit (main)
$ Git branch Tugas-js

USER@LAPTOP-CF01S213 MINGW64 /c/Users/belajargit (main)
$ touch Tugas-js.txt

USER@LAPTOP-CF01S213 MINGW64 /c/Users/belajargit (main)
$ git add .

USER@LAPTOP-CF01S213 MINGW64 /c/Users/belajargit (main)
$ git commit -m "menambah file tugas-js.txt"
[main 2b52e1e] menambah file tugas-js.txt
 1 file changed, 0 insertions(+), 0 deletions(-)
 create mode 100644 Tugas-js.txt

USER@LAPTOP-CF01S213 MINGW64 /c/Users/belajargit (main)
$ git checkout main
Already on 'main'
Your branch is ahead of 'origin/main' by 1 commit.
  (use "git push" to publish your local commits)

USER@LAPTOP-CF01S213 MINGW64 /c/Users/belajargit (main)
$ git merge Tugas-js
Already up to date.

USER@LAPTOP-CF01S213 MINGW64 /c/Users/belajargit (main)
$ git push origin main
Enumerating objects: 3, done.
Counting objects: 100% (3/3), done.
Delta compression using up to 8 threads
Compressing objects: 100% (2/2), done.
Writing objects: 100% (2/2), 246 bytes | 246.00 KiB/s, done.
Total 2 (delta 1), reused 0 (delta 0), pack-reused 0 (from 0)
remote: Resolving deltas: 100% (1/1), completed with 1 local object.
To https://github.com/yosefinalenzun/belajarGIT.git
   ed0fedc..2b52e1e  main -> main

USER@LAPTOP-CF01S213 MINGW64 /c/Users/belajargit (main)
$ Git branch Tugas-midProject

USER@LAPTOP-CF01S213 MINGW64 /c/Users/belajargit (main)
$ touch Tugas-midProject.txt

USER@LAPTOP-CF01S213 MINGW64 /c/Users/belajargit (main)
$ git add .

USER@LAPTOP-CF01S213 MINGW64 /c/Users/belajargit (main)
$ git commit -m "menambah file tugas-midProject.txt"
[main 4a6eb0e] menambah file tugas-midProject.txt
 1 file changed, 0 insertions(+), 0 deletions(-)
 create mode 100644 Tugas-midProject.txt

USER@LAPTOP-CF01S213 MINGW64 /c/Users/belajargit (main)
$ git checkout main
Already on 'main'
Your branch is ahead of 'origin/main' by 1 commit.
  (use "git push" to publish your local commits)

USER@LAPTOP-CF01S213 MINGW64 /c/Users/belajargit (main)
$ git merge Tugas-midProject
Already up to date.

USER@LAPTOP-CF01S213 MINGW64 /c/Users/belajargit (main)
$ git push origin main
Enumerating objects: 3, done.
Counting objects: 100% (3/3), done.
Delta compression using up to 8 threads
Compressing objects: 100% (2/2), done.
Writing objects: 100% (2/2), 266 bytes | 266.00 KiB/s, done.
Total 2 (delta 1), reused 0 (delta 0), pack-reused 0 (from 0)
remote: Resolving deltas: 100% (1/1), completed with 1 local object.
To https://github.com/yosefinalenzun/belajarGIT.git
   2b52e1e..4a6eb0e  main -> main

USER@LAPTOP-CF01S213 MINGW64 /c/Users/belajargit (main)
$ Git branch Tugas-php

USER@LAPTOP-CF01S213 MINGW64 /c/Users/belajargit (main)
$ touch Tugas-php.txt

USER@LAPTOP-CF01S213 MINGW64 /c/Users/belajargit (main)
$ git add .

USER@LAPTOP-CF01S213 MINGW64 /c/Users/belajargit (main)
$ git commit -m "menambah file tugas-php.txt"
[main 3c78f92] menambah file tugas-php.txt
 1 file changed, 0 insertions(+), 0 deletions(-)
 create mode 100644 Tugas-php.txt

USER@LAPTOP-CF01S213 MINGW64 /c/Users/belajargit (main)
$ git checkout main
Already on 'main'
Your branch is ahead of 'origin/main' by 1 commit.
  (use "git push" to publish your local commits)

USER@LAPTOP-CF01S213 MINGW64 /c/Users/belajargit (main)
$ git merge Tugas-php
Already up to date.

USER@LAPTOP-CF01S213 MINGW64 /c/Users/belajargit (main)
$ git push origin main
Enumerating objects: 3, done.
Counting objects: 100% (3/3), done.
Delta compression using up to 8 threads
Compressing objects: 100% (2/2), done.
Writing objects: 100% (2/2), 251 bytes | 251.00 KiB/s, done.
Total 2 (delta 1), reused 0 (delta 0), pack-reused 0 (from 0)
remote: Resolving deltas: 100% (1/1), completed with 1 local object.
To https://github.com/yosefinalenzun/belajarGIT.git
   4a6eb0e..3c78f92  main -> main

USER@LAPTOP-CF01S213 MINGW64 /c/Users/belajargit (main)
$ Git branch Tugas-finalProject

USER@LAPTOP-CF01S213 MINGW64 /c/Users/belajargit (main)
$ touch Tugas-finalProject.txt

USER@LAPTOP-CF01S213 MINGW64 /c/Users/belajargit (main)
$ git add .

USER@LAPTOP-CF01S213 MINGW64 /c/Users/belajargit (main)
$ git commit -m "menambah file tugas-finalProject.txt"
[main 69355b9] menambah file tugas-finalProject.txt
 1 file changed, 0 insertions(+), 0 deletions(-)
 create mode 100644 Tugas-finalProject.txt

USER@LAPTOP-CF01S213 MINGW64 /c/Users/belajargit (main)
$ git checkout main
Already on 'main'
Your branch is ahead of 'origin/main' by 1 commit.
  (use "git push" to publish your local commits)

USER@LAPTOP-CF01S213 MINGW64 /c/Users/belajargit (main)
$ git merge Tugas-finalProject
Already up to date.

USER@LAPTOP-CF01S213 MINGW64 /c/Users/belajargit (main)
$ git push origin main
Enumerating objects: 3, done.
Counting objects: 100% (3/3), done.
Delta compression using up to 8 threads
Compressing objects: 100% (2/2), done.
Writing objects: 100% (2/2), 269 bytes | 269.00 KiB/s, done.
Total 2 (delta 1), reused 0 (delta 0), pack-reused 0 (from 0)
remote: Resolving deltas: 100% (1/1), completed with 1 local object.
To https://github.com/yosefinalenzun/belajarGIT.git
   3c78f92..69355b9  main -> main


